../Core/Src/main.c:76:6:delay	16	static
../Core/Src/main.c:88:5:main	32	static
../Core/Src/main.c:260:6:SystemClock_Config	88	static
../Core/Src/main.c:307:13:MX_TIM1_Init	48	static
../Core/Src/main.c:366:13:MX_TIM3_Init	48	static
../Core/Src/main.c:419:13:MX_USART1_UART_Init	8	static
../Core/Src/main.c:453:13:MX_GPIO_Init	40	static
../Core/Src/main.c:494:6:HCSR05_Read	8	static
../Core/Src/main.c:501:6:HAL_TIM_IC_CaptureCallback	16	static
../Core/Src/main.c:523:6:HAL_UART_RxCpltCallback	16	static
../Core/Src/main.c:538:6:Error_Handler	4	static,ignoring_inline_asm
